// Jest Snapshot v1, https://goo.gl/fbAQLP

exports[`AddForm component should take snapshot 1`] = `
<Form
  as="form"
  date-test="dataForm"
>
  <Input
    autoFocus={true}
    date-test="inputData"
    icon="add"
    onChange={[MockFunction onClick]}
    placeholder="Add a course here..."
    type="text"
    value=""
  />
  <Button
    as="button"
    data-test="buttonData"
    style={
      Object {
        "margin": "10px 25%",
        "width": "50%",
      }
    }
    type="submit"
  />
</Form>
`;
