// Jest Snapshot v1, https://goo.gl/fbAQLP

exports[`updateForm component should take snapshot 1`] = `
<Form
  as="form"
>
  <div
    className="ui focus input"
  >
    <Input
      autoFocus={true}
      required={true}
      type="text"
    />
  </div>
  <Button
    as="button"
  >
    update Course
  </Button>
</Form>
`;
